Microchip MPLAB XC8 Compiler V1.41 ()

Linker command line:

-W-3 --edf=C:\Program Files (x86)\Microchip\xc8\v1.41\dat\en_msgs.txt -cs \
  -h+dist/default/production\Aula8.X.production.sym \
  --cmf=dist/default/production\Aula8.X.production.cmf -z -Q18F4550 \
  -oE:\Tmp-A\s5ho.2 -Mdist/default/production/Aula8.X.production.map -E1 \
  -ver=XC8 -ASTACK=0A5h-07ffh -pstack=STACK -ACODE=00h-0627Fh \
  -ACONST=00h-0627Fh -ASMALLCONST=0800h-08FFhx90,06200h-0627Fh \
  -AMEDIUMCONST=0800h-0627Fh -ACOMRAM=01h-05Fh -AABS1=00h-07FFh \
  -ABIGRAM=01h-07FFh -ARAM=060h-0FFh,0100h-01FFhx7 -ABANK0=060h-0FFh \
  -ABANK1=0100h-01FFh -ABANK2=0200h-02FFh -ABANK3=0300h-03FFh \
  -ABANK4=0400h-04FFh -ABANK5=0500h-05FFh -ABANK6=0600h-06FFh \
  -ABANK7=0700h-07FFh -ASFR=0F60h-0FFFh \
  -preset_vec=00h,intcode=08h,intcodelo,powerup,init -pramtop=0800h \
  -psmallconst=SMALLCONST -pmediumconst=MEDIUMCONST -pconst=CONST \
  -AFARRAM=00h-00h -ACONFIG=0300000h-030000Dh -pconfig=CONFIG \
  -AIDLOC=0200000h-0200007h -pidloc=IDLOC -AEEDATA=0F00000h-0F000FFh \
  -peeprom_data=EEDATA \
  -prdata=COMRAM,nvrram=COMRAM,nvbit=COMRAM,rbss=COMRAM,rbit=COMRAM \
  -pfarbss=FARRAM,fardata=FARRAM,nvFARRAM=FARRAM \
  -pintsave_regs=BIGRAM,bigbss=BIGRAM,bigdata=BIGRAM -pbss=RAM \
  -pidata=CODE,irdata=CODE,ibigdata=CODE,ifardata=CODE -prparam=COMRAM \
  E:\Tmp-A\s5ho.obj dist/default/production\Aula8.X.production.obj 

Object code version is 3.11

Machine type is 18F4550

Call graph: (short form)




                Name                               Link     Load   Length Selector   Space Scale
E:\Tmp-A\s5ho.obj
                init                                  E        E        4        4       0
                reset_vec                             0        0        4        0       0
                idloc                            200000   200000        8   200000       0
                config                           300000   300000        E   300000       0
dist/default/production\Aula8.X.production.obj
                intcode                               8        8        6        4       0
                temp                                 49       49        1        1       1
                smallconst                          800      800       7E      400       0
                intcode_body                        990      990       CC      43F       0
                text13                              F0A      F0A       24      43F       0
                text12                              B9E      B9E       8C      43F       0
                text11                              B00      B00       9E      43F       0
                text10                              C2A      C2A       72      43F       0
                text9                               DBA      DBA       52      43F       0
                text8                               D68      D68       52      43F       0
                text7                               E4E      E4E       42      43F       0
                text6                               A5C      A5C       A4      43F       0
                text5                               E0C      E0C       42      43F       0
                text4                               ECE      ECE       3C      43F       0
                text3                               C9C      C9C       6A      43F       0
                text2                               D06      D06       62      43F       0
                text1                               F2E      F2E       22      43F       0
                text0                               87E      87E      112      43F       0
                cstackCOMRAM                          1        1       30        1       1
                cstackBANK0                          60       60       44       60       1
                bssBANK0                             A4       A4        1       60       1
                dataCOMRAM                           42       42        7        1       1
                bssCOMRAM                            31       31       11        1       1
                cinit                               E90      E90       3E      43F       0
                idataCOMRAM                         F50      F50        7      43F       0

TOTAL           Name                               Link     Load   Length     Space
        CLASS   STACK          

        CLASS   CODE           
                intcode                               8        8        6         0
                init                                  E        E        4         0
                reset_vec                             0        0        4         0
                intcode_body                        990      990       CC         0
                text13                              F0A      F0A       24         0
                text12                              B9E      B9E       8C         0
                text11                              B00      B00       9E         0
                text10                              C2A      C2A       72         0
                text9                               DBA      DBA       52         0
                text8                               D68      D68       52         0
                text7                               E4E      E4E       42         0
                text6                               A5C      A5C       A4         0
                text5                               E0C      E0C       42         0
                text4                               ECE      ECE       3C         0
                text3                               C9C      C9C       6A         0
                text2                               D06      D06       62         0
                text1                               F2E      F2E       22         0
                text0                               87E      87E      112         0
                cinit                               E90      E90       3E         0
                idataCOMRAM                         F50      F50        7         0

        CLASS   CONST          

        CLASS   SMALLCONST     
                smallconst                          800      800       7E         0

        CLASS   MEDIUMCONST    

        CLASS   COMRAM         
                temp                                 49       49        1         1
                cstackCOMRAM                          1        1       30         1
                dataCOMRAM                           42       42        7         1
                bssCOMRAM                            31       31       11         1

        CLASS   ABS1           

        CLASS   BIGRAM         

        CLASS   RAM            

        CLASS   BANK0          
                cstackBANK0                          60       60       44         1
                bssBANK0                             A4       A4        1         1

        CLASS   BANK1          

        CLASS   BANK2          

        CLASS   BANK3          

        CLASS   BANK4          

        CLASS   BANK5          

        CLASS   BANK6          

        CLASS   BANK7          

        CLASS   SFR            

        CLASS   FARRAM         

        CLASS   CONFIG         
                config                           300000   300000        E         0

        CLASS   IDLOC          
                idloc                            200000   200000        8         0

        CLASS   EEDATA         



SEGMENTS        Name                           Load    Length   Top    Selector   Space  Class

                reset_vec                      000000  000004  000004         0       0  CODE    
                cstackCOMRAM                   000001  000049  00004A         1       1  COMRAM  
                intcode                        000008  00000A  000012         4       0  CODE    
                cstackBANK0                    000060  000045  0000A5        60       1  BANK0   
                smallconst                     000800  00007E  00087E       400       0  SMALLCON
                text0                          00087E  0006D9  000F57       43F       0  CODE    
                idloc                          200000  000008  200008    200000       0  IDLOC   
                config                         300000  00000E  30000E    300000       0  CONFIG  


UNUSED ADDRESS RANGES

        Name                Unused          Largest block    Delta
        BANK0            0000A5-0000FF               5B
        BANK1            000100-0001FF              100
        BANK2            000200-0002FF              100
        BANK3            000300-0003FF              100
        BANK4            000400-0004FF              100
        BANK5            000500-0005FF              100
        BANK6            000600-0006FF              100
        BANK7            000700-0007FF              100
        BIGRAM           00004A-00005F               16
                         0000A5-0007FF              75B
        CODE             000004-000007                4
                         000012-0007FF              7EE
                         000F57-00627F             5329
        COMRAM           00004A-00005F               16
        CONST            000004-000007                4
                         000012-0007FF              7EE
                         000F57-00627F             5329
        EEDATA           F00000-F000FF              100
        MEDIUMCONST      000F57-00627F             5329
        RAM              0000A5-0007FF              100
        SFR              000F60-000FFF               A0
        SMALLCONST       000F57-00627F              100
        STACK            0000A5-0007FF              75B

                                  Symbol Table

?___lwdiv                     cstackCOMRAM 000010
?___lwmod                     cstackCOMRAM 000010
Delay@Cnt1                    cstackCOMRAM 000010
Delay@Cnt2                    cstackCOMRAM 000011
EnderecoCursor@endereco       cstackCOMRAM 000012
EscreveCaractereLCD@data      cstackCOMRAM 000012
EscreveComandoLCD@cmd         cstackCOMRAM 000012
EscreveFraseRamLCD@buffer     cstackCOMRAM 000013
EscreveInteiroLCD@F4004       dataCOMRAM   000042
EscreveInteiroLCD@texto       cstackCOMRAM 00002A
EscreveInteiroLCD@valor       cstackCOMRAM 000028
PosicaoCursorLCD@EnderecoLCD  cstackCOMRAM 000015
PosicaoCursorLCD@coluna       cstackCOMRAM 000013
PosicaoCursorLCD@linha        cstackCOMRAM 000014
_ADCON1                       (abs)        000FC1
_ConfiguraLCD                 text11       000B00
_Delay                        text13       000F0A
_EnderecoCursor               text3        000C9C
_EscreveCaractereLCD          text10       000C2A
_EscreveComandoLCD            text12       000B9E
_EscreveFraseRamLCD           text9        000DBA
_EscreveInteiroLCD            text4        000ECE
_INT0IE                       (abs)        007F94
_INT0IF                       (abs)        007F91
_INT1IE                       (abs)        007F83
_INT1IF                       (abs)        007F80
_INTCON2bits                  (abs)        000FF1
_INTCON3bits                  (abs)        000FF0
_INTCONbits                   (abs)        000FF2
_IPEN                         (abs)        007E87
_InterrupcoesAlta             intcode      000008
_LATB                         (abs)        000F8A
_PORTBbits                    (abs)        000F81
_PORTDbits                    (abs)        000F83
_PORTEbits                    (abs)        000F84
_PosicaoCursorLCD             text2        000D06
_TRISB                        (abs)        000F93
_TRISDbits                    (abs)        000F95
_TRISE                        (abs)        000F96
__HRAM                        (abs)        000000
__Habs1                       abs1         000000
__Hbank0                      bank0        000000
__Hbank1                      bank1        000000
__Hbank2                      bank2        000000
__Hbank3                      bank3        000000
__Hbank4                      bank4        000000
__Hbank5                      bank5        000000
__Hbank6                      bank6        000000
__Hbank7                      bank7        000000
__Hbigbss                     bigbss       000000
__Hbigdata                    bigdata      000000
__Hbigram                     bigram       000000
__Hbss                        bss          000000
__HbssBANK0                   bssBANK0     000000
__HbssCOMRAM                  bssCOMRAM    000000
__Hcinit                      cinit        000000
__Hclrtext                    clrtext      000000
__Hcomram                     comram       000000
__Hconfig                     config       30000E
__Hconst                      const        000000
__HcstackBANK0                cstackBANK0  000000
__HcstackCOMRAM               cstackCOMRAM 000000
__Hdata                       data         000000
__HdataCOMRAM                 dataCOMRAM   000000
__Heeprom_data                eeprom_data  000000
__Hfarbss                     farbss       000000
__Hfardata                    fardata      000000
__Hibigdata                   ibigdata     000000
__Hidata                      idata        000000
__HidataCOMRAM                idataCOMRAM  000000
__Hidloc                      idloc        200008
__Hifardata                   ifardata     000000
__Hinit                       init         000012
__Hintcode                    intcode      00000E
__Hintcode_body               intcode_body 000000
__Hintcodelo                  intcodelo    00000E
__Hintentry                   intentry     000000
__Hintret                     intret       000000
__Hintsave_regs               intsave_regs 000000
__Hirdata                     irdata       000000
__Hmediumconst                mediumconst  000000
__HnvFARRAM                   nvFARRAM     000000
__Hnvbit                      nvbit        000000
__Hnvrram                     nvrram       000000
__Hparam                      rparam       000000
__Hpowerup                    powerup      00000E
__Hram                        ram          000000
__Hramtop                     ramtop       000800
__Hrbit                       rbit         000000
__Hrbss                       rbss         000000
__Hrdata                      rdata        000000
__Hreset_vec                  reset_vec    000004
__Hrparam                     rparam       000000
__Hsfr                        sfr          000000
__Hsmallconst                 smallconst   00087E
__Hspace_0                    (abs)        30000E
__Hspace_1                    (abs)        0000A5
__Hspace_2                    (abs)        000000
__Hstack                      stack        000000
__Hstruct                     struct       000000
__Htemp                       temp         00004A
__Htext                       text         000000
__Htext0                      text0        000000
__Htext1                      text1        000000
__Htext10                     text10       000000
__Htext11                     text11       000000
__Htext12                     text12       000000
__Htext13                     text13       000000
__Htext2                      text2        000000
__Htext3                      text3        000000
__Htext4                      text4        000000
__Htext5                      text5        000000
__Htext6                      text6        000000
__Htext7                      text7        000000
__Htext8                      text8        000000
__Htext9                      text9        000000
__LRAM                        (abs)        000001
__Labs1                       abs1         000000
__Lbank0                      bank0        000000
__Lbank1                      bank1        000000
__Lbank2                      bank2        000000
__Lbank3                      bank3        000000
__Lbank4                      bank4        000000
__Lbank5                      bank5        000000
__Lbank6                      bank6        000000
__Lbank7                      bank7        000000
__Lbigbss                     bigbss       000000
__Lbigdata                    bigdata      000000
__Lbigram                     bigram       000000
__Lbss                        bss          000000
__LbssBANK0                   bssBANK0     000000
__LbssCOMRAM                  bssCOMRAM    000000
__Lcinit                      cinit        000000
__Lclrtext                    clrtext      000000
__Lcomram                     comram       000000
__Lconfig                     config       300000
__Lconst                      const        000000
__LcstackBANK0                cstackBANK0  000000
__LcstackCOMRAM               cstackCOMRAM 000000
__Ldata                       data         000000
__LdataCOMRAM                 dataCOMRAM   000000
__Leeprom_data                eeprom_data  000000
__Lfarbss                     farbss       000000
__Lfardata                    fardata      000000
__Libigdata                   ibigdata     000000
__Lidata                      idata        000000
__LidataCOMRAM                idataCOMRAM  000000
__Lidloc                      idloc        200000
__Lifardata                   ifardata     000000
__Linit                       init         00000E
__Lintcode                    intcode      000008
__Lintcode_body               intcode_body 000000
__Lintcodelo                  intcodelo    00000E
__Lintentry                   intentry     000000
__Lintret                     intret       000000
__Lintsave_regs               intsave_regs 000000
__Lirdata                     irdata       000000
__Lmediumconst                mediumconst  000000
__LnvFARRAM                   nvFARRAM     000000
__Lnvbit                      nvbit        000000
__Lnvrram                     nvrram       000000
__Lparam                      rparam       000000
__Lpowerup                    powerup      00000E
__Lram                        ram          000000
__Lramtop                     ramtop       000800
__Lrbit                       rbit         000000
__Lrbss                       rbss         000000
__Lrdata                      rdata        000000
__Lreset_vec                  reset_vec    000000
__Lrparam                     rparam       000000
__Lsfr                        sfr          000000
__Lsmallconst                 smallconst   000800
__Lspace_0                    (abs)        000000
__Lspace_1                    (abs)        000000
__Lspace_2                    (abs)        000000
__Lstack                      stack        000000
__Lstruct                     struct       000000
__Ltemp                       temp         000049
__Ltext                       text         000000
__Ltext0                      text0        000000
__Ltext1                      text1        000000
__Ltext10                     text10       000000
__Ltext11                     text11       000000
__Ltext12                     text12       000000
__Ltext13                     text13       000000
__Ltext2                      text2        000000
__Ltext3                      text3        000000
__Ltext4                      text4        000000
__Ltext5                      text5        000000
__Ltext6                      text6        000000
__Ltext7                      text7        000000
__Ltext8                      text8        000000
__Ltext9                      text9        000000
__S0                          (abs)        30000E
__S1                          (abs)        0000A5
__S2                          (abs)        000000
___inthi_sp                   stack        000000
___intlo_sp                   stack        000000
___lwdiv                      text8        000D68
___lwdiv@counter              cstackCOMRAM 000016
___lwdiv@dividend             cstackCOMRAM 000010
___lwdiv@divisor              cstackCOMRAM 000012
___lwdiv@quotient             cstackCOMRAM 000014
___lwmod                      text7        000E4E
___lwmod@counter              cstackCOMRAM 000014
___lwmod@dividend             cstackCOMRAM 000010
___lwmod@divisor              cstackCOMRAM 000012
___param_bank                 (abs)        000000
___rparam_used                (abs)        000001
___sp                         stack        000000
__accesstop                   (abs)        000060
__activetblptr                (abs)        000002
__end_of_ConfiguraLCD         text11       000B9E
__end_of_Delay                text13       000F2E
__end_of_EnderecoCursor       text3        000D06
__end_of_EscreveCaractereLCD  text10       000C9C
__end_of_EscreveComandoLCD    text12       000C2A
__end_of_EscreveFraseRamLCD   text9        000E0C
__end_of_EscreveInteiroLCD    text4        000F0A
__end_of_InterrupcoesAlta     intcode_body 000A5C
__end_of_PosicaoCursorLCD     text2        000D68
__end_of___lwdiv              text8        000DBA
__end_of___lwmod              text7        000E90
__end_of__initialization      cinit        000EC0
__end_of_delay_ms             text1        000F50
__end_of_dpowers              smallconst   000829
__end_of_itoa                 text5        000E4E
__end_of_main                 text0        000990
__end_of_utoa                 text6        000B00
__end_ofmain@F3999            smallconst   00086D
__end_ofmain@F4001            smallconst   00085C
__end_ofmain@F4003            smallconst   00084B
__end_ofmain@F4005            smallconst   00083A
__initialization              cinit        000E90
__mediumconst                 mediumconst  000000
__pbssBANK0                   bssBANK0     0000A4
__pbssCOMRAM                  bssCOMRAM    000031
__pcinit                      cinit        000E90
__pcstackBANK0                cstackBANK0  000060
__pcstackCOMRAM               cstackCOMRAM 000001
__pdataCOMRAM                 dataCOMRAM   000042
__pidataCOMRAM                idataCOMRAM  000F50
__pintcode                    intcode      000008
__pintcode_body               intcode_body 000990
__psmallconst                 smallconst   000800
__ptext0                      text0        00087E
__ptext1                      text1        000F2E
__ptext10                     text10       000C2A
__ptext11                     text11       000B00
__ptext12                     text12       000B9E
__ptext13                     text13       000F0A
__ptext2                      text2        000D06
__ptext3                      text3        000C9C
__ptext4                      text4        000ECE
__ptext5                      text5        000E0C
__ptext6                      text6        000A5C
__ptext7                      text7        000E4E
__ptext8                      text8        000D68
__ptext9                      text9        000DBA
__ramtop                      ramtop       000800
__size_of_ConfiguraLCD        (abs)        000000
__size_of_Delay               (abs)        000000
__size_of_EnderecoCursor      (abs)        000000
__size_of_EscreveCaractereLCD (abs)        000000
__size_of_EscreveComandoLCD   (abs)        000000
__size_of_EscreveFraseRamLCD  (abs)        000000
__size_of_EscreveInteiroLCD   (abs)        000000
__size_of_InterrupcoesAlta    (abs)        000000
__size_of_PosicaoCursorLCD    (abs)        000000
__size_of___lwdiv             (abs)        000000
__size_of___lwmod             (abs)        000000
__size_of_delay_ms            (abs)        000000
__size_of_itoa                (abs)        000000
__size_of_main                (abs)        000000
__size_of_utoa                (abs)        000000
__smallconst                  smallconst   000800
_contador                     bssBANK0     0000A4
_delay_ms                     text1        000F2E
_itoa                         text5        000E0C
_main                         text0        00087E
_utoa                         text6        000A5C
btemp                         temp         000049
delay_ms@tempodeatraso        cstackCOMRAM 000010
end_of_initialization         cinit        000EC0
ftoa@buf                      bssCOMRAM    000031
int$flags                     temp         000049
int_func                      intcode_body 000990
intlevel0                     text         000000
intlevel1                     text         000000
intlevel2                     text         000000
intlevel3                     text         000000
itoa@base                     cstackCOMRAM 000024
itoa@buf                      cstackCOMRAM 000020
itoa@cp                       cstackCOMRAM 000026
itoa@val                      cstackCOMRAM 000022
main@F3999                    smallconst   00085C
main@F4001                    smallconst   00084B
main@F4003                    smallconst   00083A
main@F4005                    smallconst   000829
main@Texto_0                  cstackBANK0  000071
main@Texto_1                  cstackBANK0  000093
main@Texto_2                  cstackBANK0  000082
main@Texto_3                  cstackBANK0  000060
stackhi                       (abs)        0007FF
stacklo                       (abs)        0000A5
start                         init         00000E
start_initialization          cinit        000E90
utoa@base                     cstackCOMRAM 00001B
utoa@buf                      cstackCOMRAM 000017
utoa@c                        cstackCOMRAM 00001F
utoa@v                        cstackCOMRAM 00001D
utoa@val                      cstackCOMRAM 000019


FUNCTION INFORMATION:

 *************** function _main *****************
 Defined at:
		line 46 in file "intext.c"
 Parameters:    Size  Location     Type
		None
 Auto vars:     Size  Location     Type
  Texto_1        17   51[BANK0 ] const unsigned char [17]
  Texto_2        17   34[BANK0 ] const unsigned char [17]
  Texto_0        17   17[BANK0 ] const unsigned char [17]
  Texto_3        17    0[BANK0 ] const unsigned char [17]
 Return value:  Size  Location     Type
                  1    wreg      void 
 Registers used:
		wreg, fsr0l, fsr0h, fsr1l, fsr1h, fsr2l, fsr2h, status,2, status,0, tblptrl, tblptrh, tblptru, cstack
 Tracked objects:
		On entry : 
		On exit  : 
		Unchanged: 
 Data sizes:     COMRAM   BANK0   BANK1   BANK2   BANK3   BANK4   BANK5   BANK6   BANK7
      Params:         0       0       0       0       0       0       0       0       0
      Locals:         0      68       0       0       0       0       0       0       0
      Temps:          0       0       0       0       0       0       0       0       0
      Totals:         0      68       0       0       0       0       0       0       0
Total ram usage:       68 bytes
 Hardware stack levels required when called:    5
 This function calls:
		_ConfiguraLCD
		_EscreveComandoLCD
		_EscreveFraseRamLCD
		_EscreveInteiroLCD
		_PosicaoCursorLCD
		_delay_ms
 This function is called by:
		Startup code after reset
 This function uses a non-reentrant model


 *************** function _delay_ms *****************
 Defined at:
		line 102 in file "intext.c"
 Parameters:    Size  Location     Type
  tempodeatras    2   15[COMRAM] unsigned int 
 Auto vars:     Size  Location     Type
		None
 Return value:  Size  Location     Type
                  1    wreg      void 
 Registers used:
		wreg, status,2, status,0
 Tracked objects:
		On entry : 
		On exit  : 
		Unchanged: 
 Data sizes:     COMRAM   BANK0   BANK1   BANK2   BANK3   BANK4   BANK5   BANK6   BANK7
      Params:         2       0       0       0       0       0       0       0       0
      Locals:         0       0       0       0       0       0       0       0       0
      Temps:          1       0       0       0       0       0       0       0       0
      Totals:         3       0       0       0       0       0       0       0       0
Total ram usage:        3 bytes
 Hardware stack levels used:    1
 Hardware stack levels required when called:    1
 This function calls:
		Nothing
 This function is called by:
		_main
 This function uses a non-reentrant model


 *************** function _PosicaoCursorLCD *****************
 Defined at:
		line 280 in file "displayLCD.c"
 Parameters:    Size  Location     Type
  linha           1    wreg     unsigned char 
  coluna          1   18[COMRAM] unsigned char 
 Auto vars:     Size  Location     Type
  linha           1   19[COMRAM] unsigned char 
  EnderecoLCD     1   20[COMRAM] unsigned char 
 Return value:  Size  Location     Type
                  1    wreg      void 
 Registers used:
		wreg, status,2, status,0, cstack
 Tracked objects:
		On entry : 
		On exit  : 
		Unchanged: 
 Data sizes:     COMRAM   BANK0   BANK1   BANK2   BANK3   BANK4   BANK5   BANK6   BANK7
      Params:         1       0       0       0       0       0       0       0       0
      Locals:         2       0       0       0       0       0       0       0       0
      Temps:          0       0       0       0       0       0       0       0       0
      Totals:         3       0       0       0       0       0       0       0       0
Total ram usage:        3 bytes
 Hardware stack levels used:    1
 Hardware stack levels required when called:    3
 This function calls:
		_EnderecoCursor
 This function is called by:
		_main
 This function uses a non-reentrant model


 *************** function _EnderecoCursor *****************
 Defined at:
		line 229 in file "displayLCD.c"
 Parameters:    Size  Location     Type
  endereco        1    wreg     unsigned char 
 Auto vars:     Size  Location     Type
  endereco        1   17[COMRAM] unsigned char 
 Return value:  Size  Location     Type
                  1    wreg      void 
 Registers used:
		wreg, status,2, status,0, cstack
 Tracked objects:
		On entry : 
		On exit  : 
		Unchanged: 
 Data sizes:     COMRAM   BANK0   BANK1   BANK2   BANK3   BANK4   BANK5   BANK6   BANK7
      Params:         0       0       0       0       0       0       0       0       0
      Locals:         1       0       0       0       0       0       0       0       0
      Temps:          0       0       0       0       0       0       0       0       0
      Totals:         1       0       0       0       0       0       0       0       0
Total ram usage:        1 bytes
 Hardware stack levels used:    1
 Hardware stack levels required when called:    2
 This function calls:
		_Delay
 This function is called by:
		_PosicaoCursorLCD
		_CriaCaractereLCD
 This function uses a non-reentrant model


 *************** function _EscreveInteiroLCD *****************
 Defined at:
		line 391 in file "displayLCD.c"
 Parameters:    Size  Location     Type
  valor           2   39[COMRAM] int 
 Auto vars:     Size  Location     Type
  texto           7   41[COMRAM] unsigned char [7]
 Return value:  Size  Location     Type
                  1    wreg      void 
 Registers used:
		wreg, fsr0l, fsr0h, fsr1l, fsr1h, fsr2l, fsr2h, status,2, status,0, tblptrl, tblptrh, tblptru, cstack
 Tracked objects:
		On entry : 
		On exit  : 
		Unchanged: 
 Data sizes:     COMRAM   BANK0   BANK1   BANK2   BANK3   BANK4   BANK5   BANK6   BANK7
      Params:         2       0       0       0       0       0       0       0       0
      Locals:         7       0       0       0       0       0       0       0       0
      Temps:          0       0       0       0       0       0       0       0       0
      Totals:         9       0       0       0       0       0       0       0       0
Total ram usage:        9 bytes
 Hardware stack levels used:    1
 Hardware stack levels required when called:    4
 This function calls:
		_EscreveFraseRamLCD
		_itoa
 This function is called by:
		_main
 This function uses a non-reentrant model


 *************** function _itoa *****************
 Defined at:
		line 4 in file "C:\Program Files (x86)\Microchip\xc8\v1.41\sources\common\itoa.c"
 Parameters:    Size  Location     Type
  buf             2   31[COMRAM] PTR unsigned char 
		 -> EscreveInteiroLCD@texto(7), 
  val             2   33[COMRAM] int 
  base            2   35[COMRAM] int 
 Auto vars:     Size  Location     Type
  cp              2   37[COMRAM] PTR unsigned char 
		 -> EscreveInteiroLCD@texto(7), 
 Return value:  Size  Location     Type
                  2   31[COMRAM] PTR unsigned char 
 Registers used:
		wreg, fsr2l, fsr2h, status,2, status,0, cstack
 Tracked objects:
		On entry : 
		On exit  : 
		Unchanged: 
 Data sizes:     COMRAM   BANK0   BANK1   BANK2   BANK3   BANK4   BANK5   BANK6   BANK7
      Params:         6       0       0       0       0       0       0       0       0
      Locals:         2       0       0       0       0       0       0       0       0
      Temps:          0       0       0       0       0       0       0       0       0
      Totals:         8       0       0       0       0       0       0       0       0
Total ram usage:        8 bytes
 Hardware stack levels used:    1
 Hardware stack levels required when called:    3
 This function calls:
		_utoa
 This function is called by:
		_EscreveInteiroLCD
 This function uses a non-reentrant model


 *************** function _utoa *****************
 Defined at:
		line 17 in file "C:\Program Files (x86)\Microchip\xc8\v1.41\sources\common\itoa.c"
 Parameters:    Size  Location     Type
  buf             2   22[COMRAM] PTR unsigned char 
		 -> EscreveInteiroLCD@texto(7), 
  val             2   24[COMRAM] unsigned int 
  base            2   26[COMRAM] int 
 Auto vars:     Size  Location     Type
  v               2   28[COMRAM] unsigned int 
  c               1   30[COMRAM] unsigned char 
 Return value:  Size  Location     Type
                  2   22[COMRAM] PTR unsigned char 
 Registers used:
		wreg, fsr2l, fsr2h, status,2, status,0, cstack
 Tracked objects:
		On entry : 
		On exit  : 
		Unchanged: 
 Data sizes:     COMRAM   BANK0   BANK1   BANK2   BANK3   BANK4   BANK5   BANK6   BANK7
      Params:         6       0       0       0       0       0       0       0       0
      Locals:         3       0       0       0       0       0       0       0       0
      Temps:          0       0       0       0       0       0       0       0       0
      Totals:         9       0       0       0       0       0       0       0       0
Total ram usage:        9 bytes
 Hardware stack levels used:    1
 Hardware stack levels required when called:    2
 This function calls:
		___lwdiv
		___lwmod
 This function is called by:
		_itoa
 This function uses a non-reentrant model


 *************** function ___lwmod *****************
 Defined at:
		line 8 in file "C:\Program Files (x86)\Microchip\xc8\v1.41\sources\common\lwmod.c"
 Parameters:    Size  Location     Type
  dividend        2   15[COMRAM] unsigned int 
  divisor         2   17[COMRAM] unsigned int 
 Auto vars:     Size  Location     Type
  counter         1   19[COMRAM] unsigned char 
 Return value:  Size  Location     Type
                  2   15[COMRAM] unsigned int 
 Registers used:
		wreg, status,2, status,0
 Tracked objects:
		On entry : 
		On exit  : 
		Unchanged: 
 Data sizes:     COMRAM   BANK0   BANK1   BANK2   BANK3   BANK4   BANK5   BANK6   BANK7
      Params:         4       0       0       0       0       0       0       0       0
      Locals:         1       0       0       0       0       0       0       0       0
      Temps:          0       0       0       0       0       0       0       0       0
      Totals:         5       0       0       0       0       0       0       0       0
Total ram usage:        5 bytes
 Hardware stack levels used:    1
 Hardware stack levels required when called:    1
 This function calls:
		Nothing
 This function is called by:
		_utoa
 This function uses a non-reentrant model


 *************** function ___lwdiv *****************
 Defined at:
		line 8 in file "C:\Program Files (x86)\Microchip\xc8\v1.41\sources\common\lwdiv.c"
 Parameters:    Size  Location     Type
  dividend        2   15[COMRAM] unsigned int 
  divisor         2   17[COMRAM] unsigned int 
 Auto vars:     Size  Location     Type
  quotient        2   19[COMRAM] unsigned int 
  counter         1   21[COMRAM] unsigned char 
 Return value:  Size  Location     Type
                  2   15[COMRAM] unsigned int 
 Registers used:
		wreg, status,2, status,0
 Tracked objects:
		On entry : 
		On exit  : 
		Unchanged: 
 Data sizes:     COMRAM   BANK0   BANK1   BANK2   BANK3   BANK4   BANK5   BANK6   BANK7
      Params:         4       0       0       0       0       0       0       0       0
      Locals:         3       0       0       0       0       0       0       0       0
      Temps:          0       0       0       0       0       0       0       0       0
      Totals:         7       0       0       0       0       0       0       0       0
Total ram usage:        7 bytes
 Hardware stack levels used:    1
 Hardware stack levels required when called:    1
 This function calls:
		Nothing
 This function is called by:
		_utoa
 This function uses a non-reentrant model


 *************** function _EscreveFraseRamLCD *****************
 Defined at:
		line 438 in file "displayLCD.c"
 Parameters:    Size  Location     Type
  buffer          2   18[COMRAM] PTR unsigned char 
		 -> STR_1(4), main@Texto_2(17), main@Texto_1(17), main@Texto_0(17), 
		 -> EscreveInteiroLCD@texto(7), 
 Auto vars:     Size  Location     Type
		None
 Return value:  Size  Location     Type
                  1    wreg      void 
 Registers used:
		wreg, fsr0l, fsr0h, status,2, status,0, tblptrl, tblptrh, tblptru, cstack
 Tracked objects:
		On entry : 
		On exit  : 
		Unchanged: 
 Data sizes:     COMRAM   BANK0   BANK1   BANK2   BANK3   BANK4   BANK5   BANK6   BANK7
      Params:         2       0       0       0       0       0       0       0       0
      Locals:         0       0       0       0       0       0       0       0       0
      Temps:          0       0       0       0       0       0       0       0       0
      Totals:         2       0       0       0       0       0       0       0       0
Total ram usage:        2 bytes
 Hardware stack levels used:    1
 Hardware stack levels required when called:    3
 This function calls:
		_EscreveCaractereLCD
 This function is called by:
		_EscreveInteiroLCD
		_main
 This function uses a non-reentrant model


 *************** function _EscreveCaractereLCD *****************
 Defined at:
		line 339 in file "displayLCD.c"
 Parameters:    Size  Location     Type
  data            1    wreg     unsigned char 
 Auto vars:     Size  Location     Type
  data            1   17[COMRAM] unsigned char 
 Return value:  Size  Location     Type
                  1    wreg      void 
 Registers used:
		wreg, status,2, status,0, cstack
 Tracked objects:
		On entry : 
		On exit  : 
		Unchanged: 
 Data sizes:     COMRAM   BANK0   BANK1   BANK2   BANK3   BANK4   BANK5   BANK6   BANK7
      Params:         0       0       0       0       0       0       0       0       0
      Locals:         1       0       0       0       0       0       0       0       0
      Temps:          0       0       0       0       0       0       0       0       0
      Totals:         1       0       0       0       0       0       0       0       0
Total ram usage:        1 bytes
 Hardware stack levels used:    1
 Hardware stack levels required when called:    2
 This function calls:
		_Delay
 This function is called by:
		_EscreveFraseRamLCD
		_EscreveFloatLCD
		_EscreveFraseLCD
		_CriaCaractereLCD
 This function uses a non-reentrant model


 *************** function _ConfiguraLCD *****************
 Defined at:
		line 80 in file "displayLCD.c"
 Parameters:    Size  Location     Type
		None
 Auto vars:     Size  Location     Type
		None
 Return value:  Size  Location     Type
                  1    wreg      void 
 Registers used:
		wreg, status,2, status,0, cstack
 Tracked objects:
		On entry : 
		On exit  : 
		Unchanged: 
 Data sizes:     COMRAM   BANK0   BANK1   BANK2   BANK3   BANK4   BANK5   BANK6   BANK7
      Params:         0       0       0       0       0       0       0       0       0
      Locals:         0       0       0       0       0       0       0       0       0
      Temps:          1       0       0       0       0       0       0       0       0
      Totals:         1       0       0       0       0       0       0       0       0
Total ram usage:        1 bytes
 Hardware stack levels used:    1
 Hardware stack levels required when called:    3
 This function calls:
		_Delay
		_EscreveComandoLCD
 This function is called by:
		_main
 This function uses a non-reentrant model


 *************** function _EscreveComandoLCD *****************
 Defined at:
		line 172 in file "displayLCD.c"
 Parameters:    Size  Location     Type
  cmd             1    wreg     unsigned char 
 Auto vars:     Size  Location     Type
  cmd             1   17[COMRAM] unsigned char 
 Return value:  Size  Location     Type
                  1    wreg      void 
 Registers used:
		wreg, status,2, status,0, cstack
 Tracked objects:
		On entry : 
		On exit  : 
		Unchanged: 
 Data sizes:     COMRAM   BANK0   BANK1   BANK2   BANK3   BANK4   BANK5   BANK6   BANK7
      Params:         0       0       0       0       0       0       0       0       0
      Locals:         1       0       0       0       0       0       0       0       0
      Temps:          0       0       0       0       0       0       0       0       0
      Totals:         1       0       0       0       0       0       0       0       0
Total ram usage:        1 bytes
 Hardware stack levels used:    1
 Hardware stack levels required when called:    2
 This function calls:
		_Delay
 This function is called by:
		_ConfiguraLCD
		_main
		_CriaCaractereLCD
 This function uses a non-reentrant model


 *************** function _Delay *****************
 Defined at:
		line 54 in file "displayLCD.c"
 Parameters:    Size  Location     Type
		None
 Auto vars:     Size  Location     Type
  Cnt2            1   16[COMRAM] unsigned char 
  Cnt1            1   15[COMRAM] unsigned char 
 Return value:  Size  Location     Type
                  1    wreg      void 
 Registers used:
		wreg, status,2, status,0
 Tracked objects:
		On entry : 
		On exit  : 
		Unchanged: 
 Data sizes:     COMRAM   BANK0   BANK1   BANK2   BANK3   BANK4   BANK5   BANK6   BANK7
      Params:         0       0       0       0       0       0       0       0       0
      Locals:         2       0       0       0       0       0       0       0       0
      Temps:          0       0       0       0       0       0       0       0       0
      Totals:         2       0       0       0       0       0       0       0       0
Total ram usage:        2 bytes
 Hardware stack levels used:    1
 Hardware stack levels required when called:    1
 This function calls:
		Nothing
 This function is called by:
		_ConfiguraLCD
		_EscreveComandoLCD
		_EnderecoCursor
		_EscreveCaractereLCD
 This function uses a non-reentrant model


 *************** function _InterrupcoesAlta *****************
 Defined at:
		line 109 in file "intext.c"
 Parameters:    Size  Location     Type
		None
 Auto vars:     Size  Location     Type
		None
 Return value:  Size  Location     Type
                  1    wreg      void 
 Registers used:
		wreg, status,2, status,0
 Tracked objects:
		On entry : 
		On exit  : 
		Unchanged: 
 Data sizes:     COMRAM   BANK0   BANK1   BANK2   BANK3   BANK4   BANK5   BANK6   BANK7
      Params:         0       0       0       0       0       0       0       0       0
      Locals:         0       0       0       0       0       0       0       0       0
      Temps:         15       0       0       0       0       0       0       0       0
      Totals:        15       0       0       0       0       0       0       0       0
Total ram usage:       15 bytes
 Hardware stack levels used:    1
 This function calls:
		Nothing
 This function is called by:
		Interrupt level 2
 This function uses a non-reentrant model



MODULE INFORMATION

Module		Function		Class		Link	Load	Size
C:\Program Files (x86)\Microchip\xc8\v1.41\sources\common\itoa.c
		_itoa          		CODE           	0E0C	0000	67
		_utoa          		CODE           	0A5C	0000	165

C:\Program Files (x86)\Microchip\xc8\v1.41\sources\common\itoa.c estimated size: 232

C:\Program Files (x86)\Microchip\xc8\v1.41\sources\common\lwdiv.c
		___lwdiv       		CODE           	0D68	0000	83

C:\Program Files (x86)\Microchip\xc8\v1.41\sources\common\lwdiv.c estimated size: 83

intext.c
		_main          		CODE           	087E	0000	275
		_InterrupcoesAlta		CODE           	0008	0000	211
		_delay_ms      		CODE           	0F2E	0000	35

intext.c estimated size: 521

shared
		_dpowers       		SMALLCONST     	0000	0000	0
		main@F3999     		SMALLCONST     	085C	0000	18
		__initialization		CODE           	0E90	0000	49
		main@F4001     		SMALLCONST     	084B	0000	18
		main@F4003     		SMALLCONST     	083A	0000	18
		main@F4005     		SMALLCONST     	0829	0000	18

shared estimated size: 121

C:\Program Files (x86)\Microchip\xc8\v1.41\sources\common\lwmod.c
		___lwmod       		CODE           	0E4E	0000	67

C:\Program Files (x86)\Microchip\xc8\v1.41\sources\common\lwmod.c estimated size: 67

displayLCD.c
		_EscreveCaractereLCD		CODE           	0C2A	0000	115
		_EscreveComandoLCD		CODE           	0B9E	0000	141
		_EscreveInteiroLCD		CODE           	0ECE	0000	61
		_ConfiguraLCD  		CODE           	0B00	0000	159
		_Delay         		CODE           	0F0A	0000	37
		_PosicaoCursorLCD		CODE           	0D06	0000	99
		_EnderecoCursor		CODE           	0C9C	0000	107
		_EscreveFraseRamLCD		CODE           	0DBA	0000	83

displayLCD.c estimated size: 802

